<html>
<body>
<pre>
<h1>礦ision Build Log</h1>
<h2>Tool Versions:</h2>
IDE-Version: μVision V5.17.0.0
Copyright (C) 2015 ARM Ltd and ARM Germany GmbH. All rights reserved.
License Information: das dsf, eaa, LIC=03CTG-V48KD-FIX52-9G7YQ-UIXFY-QU5VG
 
Tool Versions:
Toolchain:       MDK-ARM Standard  Version: 5.17
Toolchain Path:  D:\Keil_v5\ARM\ARMCC\Bin
C Compiler:      Armcc.exe V5.06 update 1 (build 61)
Assembler:       Armasm.exe V5.06 update 1 (build 61)
Linker/Locator:  ArmLink.exe V5.06 update 1 (build 61)
Library Manager: ArmAr.exe V5.06 update 1 (build 61)
Hex Converter:   FromElf.exe V5.06 update 1 (build 61)
CPU DLL:         SARMCM3.DLL V5.17
Dialog DLL:      DARMSTM.DLL V1.65.0.0
Target DLL:      UL2CM3.DLL V1.156.1.0
Dialog DLL:      TARMSTM.DLL V1.64.0.0
 
<h2>Project:</h2>
C:\Users\Administrator\Desktop\stm32F1_study\工程模板.uvprojx
Project File Date:  11/27/2016

<h2>Output:</h2>
*** Using Compiler 'V5.06 update 1 (build 61)', folder: 'D:\Keil_v5\ARM\ARMCC\Bin'
Build target 'Target 1'
compiling led.c...
.\app\led.h(7): warning:  #1295-D: Deprecated declaration Led_Configuration - give arg types
  void Led_Configuration();
.\app\led.h(8): warning:  #1295-D: Deprecated declaration Led_display - give arg types
  void Led_display();
app\led.c: 2 warnings, 0 errors
compiling main.c...
.\app\led.h(7): warning:  #1295-D: Deprecated declaration Led_Configuration - give arg types
  void Led_Configuration();
.\app\led.h(8): warning:  #1295-D: Deprecated declaration Led_display - give arg types
  void Led_display();
user\main.c: 2 warnings, 0 errors
compiling public.c...
.\app\led.h(7): warning:  #1295-D: Deprecated declaration Led_Configuration - give arg types
  void Led_Configuration();
.\app\led.h(8): warning:  #1295-D: Deprecated declaration Led_display - give arg types
  void Led_display();
user\public.c: 2 warnings, 0 errors
linking...
Program Size: Code=2756 RO-data=336 RW-data=40 ZI-data=1632  
FromELF: creating hex file...
".\工程模板.axf" - 0 Error(s), 6 Warning(s).

<h2>Software Packages used:</h2>

Package Vendor: ARM
                http://www.keil.com/pack/ARM.CMSIS.4.5.0.pack
                ARM::CMSIS:CORE:4.3.0
                CMSIS (Cortex Microcontroller Software Interface Standard)
   * Component: CORE Version: 4.3.0

<h2>Collection of Component include folders:</h2>
  C:\Users\Administrator\Desktop\stm32F1_study\RTE
  D:\Keil_v5\ARM\PACK\ARM\CMSIS\4.5.0\CMSIS\Include
  D:\Keil_v5\ARM\PACK\Keil\STM32F1xx_DFP\2.0.0\Device\Include

<h2>Collection of Component Files used:</h2>

   * Component: ARM::CMSIS:CORE:4.3.0
Build Time Elapsed:  00:00:01
</pre>
</body>
</html>
